模板: (2792, 3), 列=['运单号', '实际赔付金额', '风险标注']
硬校验: 行数 2792 ✓ 运单号 1..2792 顺序不变 ✓ 标签三值合法 ✓ 金额非负无缺失 ✓
已写出: data/Result.xlsx（工作区副本）与 output/Result_提交.xlsx

提交分布:
风险标注
合理诉求    0.8997
诉求偏高    0.0992
严重超额    0.0011
实际赔付金额: min=18.02 中位=200.60 max=1445.90 均值=264.78

前 5 行预览:
 运单号  实际赔付金额 风险标注
   1  207.39 合理诉求
   2  226.47 合理诉求
   3  690.08 合理诉求
   4  244.29 合理诉求
   5   26.19 合理诉求
== fill_result 完成 ==
模板: (2792, 3), 列=['运单号', '实际赔付金额', '风险标注']
硬校验: 行数 2792 ✓ 运单号 1..2792 顺序不变 ✓ 标签三值合法 ✓ 金额非负无缺失 ✓
已写出: data/Result.xlsx（工作区副本）与 output/Result_提交.xlsx

提交分布:
风险标注
合理诉求    0.8997
诉求偏高    0.0992
严重超额    0.0011
实际赔付金额: min=18.02 中位=200.60 max=1445.90 均值=264.78

前 5 行预览:
 运单号  实际赔付金额 风险标注
   1  207.39 合理诉求
   2  226.47 合理诉求
   3  690.08 合理诉求
   4  244.29 合理诉求
   5   26.19 合理诉求
== fill_result 完成 ==
