载入 clean_附件1: 11167 条; y∈[0.74,3171.47], x∈[0.08,4463.58]
实赔等频分层 K=10

可行组合 63 个；选择谷深最小（谷最深）: q1=0.905, q2=0.985, depth=0.416, 占比 合理=0.8934 偏高=0.0931 严重=0.0134
阈值曲线: T1(y)=53.958·y^0.5602 (R²=0.9719); T2(y)=129.648·y^0.4945 (R²=0.9974)
谷深 Top5 候选:
   q1     q2        a1       b1         a2       b2     p_ok    p_mid    p_bad    depth     r2_1     r2_2
0.905 0.9850 53.958367 0.560185 129.648043 0.494525 0.893436 0.093132 0.013432 0.415959 0.971854 0.997392
0.900 0.9850 51.712392 0.563378 129.648043 0.494525 0.887884 0.098684 0.013432 0.422646 0.970626 0.997392
0.905 0.9825 53.958367 0.560185 129.223147 0.490128 0.893436 0.090714 0.015850 0.425483 0.971854 0.996604
0.900 0.9825 51.712392 0.563378 129.223147 0.490128 0.887884 0.096266 0.015850 0.432170 0.970626 0.996604
0.905 0.9800 53.958367 0.560185 125.507330 0.491502 0.893436 0.087669 0.018895 0.440492 0.971854 0.996009

分层切点表:
 层               y区间    y中位    n  层内x_中位  切点1(分位)  拟合T1(y)   谷深1  切点2(分位)  拟合T2(y)   谷深2   合理占比   严重占比
 1     [0.74, 39.58]  21.75 1117   108.8    322.9    302.9 0.538    597.1    594.5 0.500 0.8326 0.0224
 2    [39.59, 71.99]  55.29 1117   130.3    560.4    510.8 0.649    919.9    943.1 0.419 0.8899 0.0098
 3   [72.03, 106.56]  88.83 1116   147.0    652.8    666.2 0.506   1221.6   1192.3 0.279 0.9077 0.0161
 4  [106.58, 148.45] 126.97 1117   189.9    807.9    813.8 0.549   1427.4   1422.7 0.327 0.9024 0.0134
 5  [148.48, 200.15] 173.36 1117   276.6    925.1    968.9 0.673   1694.6   1659.5 0.148 0.9176 0.0179
 6  [200.20, 268.57] 232.69 1116   307.3    959.1   1142.6 0.435   1942.3   1919.5 0.247 0.9265 0.0125
 7  [268.64, 355.08] 309.05 1117   384.0   1183.0   1339.5 0.433   2174.9   2208.8 0.242 0.9230 0.0152
 8  [355.27, 475.20] 408.78 1116   517.1   1535.1   1566.7 0.365   2452.1   2536.4 0.183 0.9068 0.0090
 9  [475.45, 676.11] 563.58 1117   639.8   1950.1   1875.4 0.599   2856.9   2972.9 0.237 0.8979 0.0098
10 [676.56, 3171.47] 863.16 1117  1095.8   2902.2   2381.3 0.720   3856.1   3670.6 0.270 0.8299 0.0081

附件1 标注分布:
风险标注  运单数     占比
合理诉求 9977 0.8934
诉求偏高 1040 0.0931
严重超额  150 0.0134

各[abnormal_reason]的严重超额浓度(Top5):
abnormal_reason
Pickup Error       0.0174
无异常记录              0.0136
Suspected Lost     0.0130
Damage             0.0101
Dangerous Goods    0.0000

各[goods_category]的严重超额浓度(Top5):
goods_category
Electronic Product     0.0220
Appliances             0.0191
Miscellaneous Goods    0.0187
Jewelry                0.0169
Fresh                  0.0154

异常原因×标注(行归一):
label              严重超额    合理诉求    诉求偏高
abnormal_reason                        
Damage           0.0101  0.9187  0.0712
Dangerous Goods  0.0000  1.0000  0.0000
Handover Error   0.0000  1.0000  0.0000
Pickup Error     0.0174  0.8751  0.1075
Shipping Error   0.0000  1.0000  0.0000
Suspected Lost   0.0130  0.8793  0.1077
无异常记录            0.0136  0.8923  0.0941

方案对比(谷深越小切分越落在密度谷; 极差越小层间越均衡):
                方案   合理占比  诉求偏高占比  严重超额占比 约束满足  平均谷深↓  层间合理占比极差↓  与方案D一致率
A: 全局x分位阈值(忽略实赔差异) 0.9050  0.0800  0.0150    是  0.350     0.4020   0.8926
    B: 全局常数相对超额率阈值 0.9050  0.0800  0.0150    是  0.231     0.4924   0.8918
  C: 分层分位切分(无平滑曲线) 0.9045  0.0803  0.0151    是  0.416     0.0009   0.9648
 D: 本文 幂律阈值曲线+谷值选择 0.8934  0.0931  0.0134    是  0.419     0.0966   1.0000

== Q1 标注模型完成 ==
