已加入回归辅助特征 x_hat = c − ŷ（混合路线，A6 实验 D 组最优）
类别数: {'合理诉求': np.int64(9977), '诉求偏高': np.int64(1040), '严重超额': np.int64(150)}; class_weight={'合理诉求': np.float64(0.37), '诉求偏高': np.float64(3.58), '严重超额': np.float64(24.82)}
  route-a fold1: best_iter=116
  route-a fold2: best_iter=99
  route-a fold3: best_iter=70
  route-a fold4: best_iter=102
  route-a fold5: best_iter=72

阈值校正: b_mid=-0.2, b_sev=-0.8, macro_f1=0.6398 (分布偏离 0.99pp；可行集 1551/2501)
路线a: 未校正 macro-F1=0.6325 → 校正后 0.6398
路线b: OOF 一致率=0.9505, macro-F1=0.5806

路线对比:
             路线  OOF_macro_F1  OOF_accuracy  与Q1规则一致率                                             预测分布
a: 直接分类+权重+阈值校正        0.6398        0.9540    0.9540 {'合理诉求': 0.8995, '诉求偏高': 0.0969, '严重超额': 0.0036}
      b: 先回归后标注        0.5806        0.9505    0.9505 {'合理诉求': 0.9036, '诉求偏高': 0.0952, '严重超额': 0.0012}

分类报告(路线a/b):
                precision  recall  f1-score  support
a_合理诉求             0.9776  0.9843    0.9809   9977.0
a_诉求偏高             0.7551  0.7856    0.7700   1040.0
a_严重超额             0.4000  0.1067    0.1684    150.0
a_macro avg        0.7109  0.6255    0.6398  11167.0
a_weighted avg     0.9491  0.9540    0.9504  11167.0
b_合理诉求             0.9735  0.9847    0.9791   9977.0
b_诉求偏高             0.7422  0.7587    0.7504   1040.0
b_严重超额             0.0769  0.0067    0.0123    150.0
b_macro avg        0.5976  0.5833    0.5806  11167.0
b_weighted avg     0.9400  0.9505    0.9448  11167.0

提交路线: a: 直接分类 (f1_a=0.6398, f1_b=0.5806)
附件2 预测分布:
合理诉求    0.8997
诉求偏高    0.0992
严重超额    0.0011
软约束校验: 合理≥85%: 通过; 严重<3%: 通过
耗时 11.1s
== Q3 完成 ==
已加入回归辅助特征 x_hat = c − ŷ（混合路线，A6 实验 D 组最优）
类别数: {'合理诉求': np.int64(9977), '诉求偏高': np.int64(1040), '严重超额': np.int64(150)}; class_weight={'合理诉求': np.float64(0.37), '诉求偏高': np.float64(3.58), '严重超额': np.float64(24.82)}
  route-a fold1: best_iter=116
  route-a fold2: best_iter=99
  route-a fold3: best_iter=70
  route-a fold4: best_iter=102
  route-a fold5: best_iter=72

阈值校正: b_mid=-0.2, b_sev=-0.8, macro_f1=0.6398 (分布偏离 0.99pp；可行集 1551/2501)
路线a: 未校正 macro-F1=0.6325 → 校正后 0.6398
路线b: OOF 一致率=0.9505, macro-F1=0.5806

路线对比:
             路线  OOF_macro_F1  OOF_accuracy  与Q1规则一致率                                             预测分布
a: 直接分类+权重+阈值校正        0.6398        0.9540    0.9540 {'合理诉求': 0.8995, '诉求偏高': 0.0969, '严重超额': 0.0036}
      b: 先回归后标注        0.5806        0.9505    0.9505 {'合理诉求': 0.9036, '诉求偏高': 0.0952, '严重超额': 0.0012}

分类报告(路线a/b):
                precision  recall  f1-score  support
a_合理诉求             0.9776  0.9843    0.9809   9977.0
a_诉求偏高             0.7551  0.7856    0.7700   1040.0
a_严重超额             0.4000  0.1067    0.1684    150.0
a_macro avg        0.7109  0.6255    0.6398  11167.0
a_weighted avg     0.9491  0.9540    0.9504  11167.0
b_合理诉求             0.9735  0.9847    0.9791   9977.0
b_诉求偏高             0.7422  0.7587    0.7504   1040.0
b_严重超额             0.0769  0.0067    0.0123    150.0
b_macro avg        0.5976  0.5833    0.5806  11167.0
b_weighted avg     0.9400  0.9505    0.9448  11167.0

提交路线: a: 直接分类 (f1_a=0.6398, f1_b=0.5806)
附件2 预测分布:
合理诉求    0.8997
诉求偏高    0.0992
严重超额    0.0011
软约束校验: 合理≥85%: 通过; 严重<3%: 通过
耗时 10.9s
== Q3 完成 ==
