P1 Q1 规则参数扰动:
      扰动   合理占比  诉求偏高占比  严重超额占比  与基准标注一致率
      基准 0.8934  0.0931  0.0134    1.0000
T1系数×0.9 0.8727  0.1139  0.0134    0.9792
T1系数×1.1 0.9127  0.0739  0.0134    0.9807
T2系数×0.9 0.8934  0.0807  0.0259    0.9876
T2系数×1.1 0.8934  0.0995  0.0071    0.9936
 b1−0.03 0.8638  0.1228  0.0134    0.9704
 b1+0.03 0.9239  0.0627  0.0134    0.9696
 b2−0.03 0.8934  0.0703  0.0363    0.9772
 b2+0.03 0.8934  0.1017  0.0048    0.9914

P2 Q2 特征组消融:
          消融  OOF_SMAPE  OOF_WMAPE
全特征+x̂(生产配置)     0.4342     0.3335
      全特征无x̂     0.4358     0.3345
 无索赔金额组(含x̂)     0.4306     0.3283
 无索赔金额组(无x̂)     0.4627     0.3723
   无保价组(含x̂)     0.4402     0.3390
   无时效组(含x̂)     0.4389     0.3360
   无网点组(含x̂)     0.4356     0.3337
无城市/ID组(含x̂)     0.4315     0.3300

P3 种子稳健性:
 seed  OOF_SMAPE  OOF_WMAPE
 2025     0.4342     0.3335
    7     0.4344     0.3333
   42     0.4343     0.3323
SMAPE mean±std = 0.4343 ± 0.0001

P4 Q3 阈值敏感性(b_sev 扫描):
 b_mid  b_sev  macro_f1  dev_max_pp
  -0.2   -1.0    0.6313        1.06
  -0.2   -0.8    0.6398        0.99
  -0.2   -0.5    0.6328        0.85
  -0.2   -0.2    0.6332        0.64
  -0.2    0.0    0.6313        0.59
  -0.2    0.5    0.6242        0.58
  -0.2    1.0    0.6111        0.99

P5 外推稳健性:
 分位   训练实赔  附件2预测
P10  39.59  50.63
P25  88.83  99.75
P50 200.15 200.60
P75 408.78 363.38
P90 676.29 576.24

耗时 57.6s
== 敏感性实验完成 ==
